{
  "cwd": "/home/byron/Integritas-Mechanicus/arda_os",
  "native_denial_test": null,
  "self_test": null,
  "status": {
    "arm_mode": "ring0_loader",
    "armed_at": "2026-08-03T22:15:47.670755+00:00",
    "attach_verified": true,
    "bpf_source": "/home/byron/Integritas-Mechanicus/arda_os/backend/services/bpf/arda_physical_lsm.c",
    "deny_count": 0,
    "enforcement_mode": "audit",
    "fallback_last_error": null,
    "harmonic_runtime": {
      "baseline_ref": {
        "actor_id": "root",
        "baseline_band": {
          "entropy_target": 0.72,
          "entropy_tolerance": 0.28,
          "expected_burstiness": 0.15,
          "jitter_ms": 120.0,
          "median_interval_ms": 200.0,
          "p95_interval_ms": 900.0,
          "short_threshold_ms": 80.0
        },
        "baseline_id": "baseline::global::fallback",
        "environment": "host",
        "scope_type": "global_fallback",
        "source": "harmonic_engine.default",
        "target_domain": "kernel.authority",
        "tool_name": "ring0_loader",
        "version": "v1"
      },
      "burstiness": 0.0,
      "confidence": 0.119203,
      "discord_score": 0.2,
      "drift_norm": 0.0,
      "entropy_signature": 0.0,
      "jitter_norm": 0.0,
      "mode_recommendation": "observe_and_review",
      "observation": {
        "arm_mode": "ring0_loader",
        "attach_verified": true,
        "deny_count": 0,
        "enforcement_mode": "audit",
        "loader_attempted": true,
        "target_domain": "kernel.authority"
      },
      "rationale": [
        "cold-start cadence; baseline still forming",
        "entropy signature departs from expected melody"
      ],
      "resonance_score": 0.9,
      "scope": "arda_runtime",
      "timing_features": {
        "burstiness": 0.0,
        "dominant_frequency": 0.0,
        "drift_norm": 0.0,
        "entropy_signature": 0.0,
        "intervals_ms": [],
        "jitter_ms": 0.0,
        "jitter_norm": 0.0,
        "last_interval_ms": null,
        "mean_interval_ms": null,
        "median_interval_ms": null,
        "sample_size": 0,
        "sequence_class": "cold_start",
        "timestamps_ms": [
          1785795347747.003
        ]
      }
    },
    "is_authoritative": true,
    "is_simulation": false,
    "last_deny_event": {
      "active_generation": 0,
      "cgroup_id": 0,
      "deny_reason": "none",
      "deny_reason_value": 0,
      "dev": 0,
      "enforcement_mode": "audit",
      "enforcement_mode_value": 0,
      "inode": 0
    },
    "last_error": null,
    "last_self_test": null,
    "loader_attempted": true,
    "loader_last_error": null,
    "loader_status": {
      "canonical_bpf_object": "/home/byron/Integritas-Mechanicus/arda_os/backend/services/bpf/arda_physical_lsm.o",
      "canonical_bpf_object_exists": true,
      "canonical_bpf_source": "/home/byron/Integritas-Mechanicus/arda_os/backend/services/bpf/arda_physical_lsm.c",
      "canonical_bpf_source_exists": true,
      "canonical_loader_binary": "/home/byron/Integritas-Mechanicus/arda_os/backend/services/bpf/arda_lsm_loader",
      "canonical_loader_binary_exists": true,
      "canonical_loader_command": [
        "/home/byron/Integritas-Mechanicus/arda_os/backend/services/bpf/arda_lsm_loader",
        "/home/byron/Integritas-Mechanicus/arda_os/backend/services/bpf/arda_physical_lsm.o",
        "--timeout-seconds",
        "20",
        "--pin-root",
        "/sys/fs/bpf/arda",
        "--enforcement-mode",
        "audit"
      ],
      "canonical_loader_source": "/home/byron/Integritas-Mechanicus/arda_os/backend/services/bpf/arda_lsm_loader.c",
      "canonical_loader_source_exists": true,
      "canonical_pin_root": "/sys/fs/bpf/arda",
      "enforcement_mode": "audit",
      "loader_timeout_seconds": 20,
      "map_schema_version": "phase5-policy-v1",
      "phase3_required_map_names": [
        "arda_verity_identity_map",
        "arda_active_generation_map",
        "arda_measured_exec_map"
      ],
      "preferred_loader_mode": "libbpf_loader",
      "required_map_names": [
        "arda_harmony_map",
        "arda_state_map",
        "arda_deny_count",
        "arda_policy_state_map",
        "arda_lockdown_map",
        "arda_last_deny_event_map"
      ]
    },
    "lockdown_mode": 0,
    "map_name": "arda_harmony_map",
    "map_schema_version": "phase5-policy-v1",
    "phase3_measured_identity": {
      "audience": "arda-measured-preflight",
      "generation_db": "/var/lib/arda/projection/arda_measured_generation.sqlite3",
      "next_mode": "fsverity_strict",
      "required_map_names": [
        "arda_verity_identity_map",
        "arda_active_generation_map",
        "arda_measured_exec_map"
      ],
      "required_maps": {
        "active_records": [
          {
            "activated_at": "2026-07-30T18:05:47.565611+00:00",
            "cgroup_id": "/user.slice/user-1000.slice/user@1000.service/app.slice/app-code-3110.scope",
            "deactivated_at": null,
            "enforcement_mode": "fsverity_strict",
            "failure_reason": null,
            "generation": 112,
            "manifest_digest": "sha256:25dbbb047c02731039ee5262a2ce6c36f5cdae3218fe9d733e6e7dcc2f4dd28f",
            "manifest_id": "measured-d8383a1c3548228d",
            "node_id": "debian",
            "payload": {
              "cgroup_id": "/user.slice/user-1000.slice/user@1000.service/app.slice/app-code-3110.scope",
              "cgroup_kernel_id": 10426,
              "checked_paths": [
                "/usr/sbin/lightdm",
                "/usr/bin/Xorg",
                "/usr/lib/xorg/Xorg",
                "/usr/bin/plymouth",
                "/usr/sbin/plymouthd",
                "/usr/libexec/plymouth/plymouthd-fd-escrow",
                "/etc/lightdm/lightdm.conf",
                "/etc/lightdm/lightdm-gtk-greeter.conf",
                "/etc/pam.d/lightdm",
                "/etc/pam.d/lightdm-greeter",
                "/boot/efi/EFI/debian/grubx64.efi",
                "/boot/efi/EFI/debian/shimx64.efi",
                "/boot/grub/grub.cfg",
                "/boot/initrd.img-6.12.96-valinor",
                "/boot/vmlinuz-6.12.96-valinor",
                "/etc/arda/arda-verifier.env",
                "/etc/arda/policy/active_bundle.json",
                "/etc/arda/policy/active_projection_plan.json",
                "/etc/arda/policy/rescue_projection_plan.json",
                "/etc/arda/verifier/verifier-key.pub.pem",
                "/etc/default/arda-valinor",
                "/usr/bin/bash",
                "/usr/bin/busctl",
                "/usr/bin/cat",
                "/usr/bin/crontab",
                "/usr/bin/curl",
                "/usr/bin/dash",
                "/usr/bin/dbus-daemon",
                "/usr/bin/dbus-monitor",
                "/usr/bin/dbus-send",
                "/usr/bin/dpkg-deb",
                "/usr/bin/dpkg-query",
                "/usr/bin/efibootmgr",
                "/usr/bin/env",
                "/usr/bin/findmnt",
                "/usr/bin/gpg",
                "/usr/bin/gpg-agent",
                "/usr/bin/gpgv",
                "/usr/bin/ls",
                "/usr/bin/mokutil",
                "/usr/bin/nmcli",
                "/usr/bin/nmtui",
                "/usr/bin/openssl",
                "/usr/bin/pkaction",
                "/usr/bin/pkexec",
                "/usr/bin/python3.13",
                "/usr/bin/sbsign",
                "/usr/bin/sbverify",
                "/usr/bin/sha256sum",
                "/usr/bin/sudo",
                "/usr/bin/systemctl",
                "/usr/bin/systemd-detect-virt",
                "/usr/bin/tpm2",
                "/usr/bin/udevadm",
                "/usr/lib/apt/methods/copy",
                "/usr/lib/apt/methods/file",
                "/usr/lib/apt/methods/gpgv",
                "/usr/lib/apt/methods/http",
                "/usr/lib/apt/methods/mirror",
                "/usr/lib/apt/methods/store",
                "/usr/lib/apt/planners/apt",
                "/usr/lib/apt/solvers/apt",
                "/usr/lib/dbus-1.0/dbus-daemon-launch-helper",
                "/usr/lib/openssh/ssh-keysign",
                "/usr/lib/polkit-1/polkitd",
                "/usr/lib/systemd/systemd",
                "/usr/lib/systemd/systemd-journald",
                "/usr/lib/systemd/systemd-logind",
                "/usr/lib/systemd/systemd-modules-load",
                "/usr/lib/systemd/systemd-networkd",
                "/usr/lib/systemd/systemd-networkd-wait-online",
                "/usr/lib/systemd/systemd-remount-fs",
                "/usr/lib/systemd/systemd-user-runtime-dir",
                "/usr/lib/systemd/systemd-user-sessions",
                "/usr/lib/x86_64-linux-gnu/ld-linux-x86-64.so.2",
                "/usr/lib/x86_64-linux-gnu/libapparmor.so.1.24.2",
                "/usr/lib/x86_64-linux-gnu/libaudit.so.1.0.0",
                "/usr/lib/x86_64-linux-gnu/libblkid.so.1.1.0",
                "/usr/lib/x86_64-linux-gnu/libc.so.6",
                "/usr/lib/x86_64-linux-gnu/libcap-ng.so.0.0.0",
                "/usr/lib/x86_64-linux-gnu/libcap.so.2.75",
                "/usr/lib/x86_64-linux-gnu/libcrypto.so.3",
                "/usr/lib/x86_64-linux-gnu/libcurl.so.4.8.0",
                "/usr/lib/x86_64-linux-gnu/libdbus-1.so.3.38.3",
                "/usr/lib/x86_64-linux-gnu/libgcrypt.so.20.5.0",
                "/usr/lib/x86_64-linux-gnu/libjson-c.so.5.4.0",
                "/usr/lib/x86_64-linux-gnu/liblzma.so.5.8.1",
                "/usr/lib/x86_64-linux-gnu/libm.so.6",
                "/usr/lib/x86_64-linux-gnu/libmount.so.1.1.0",
                "/usr/lib/x86_64-linux-gnu/libpam.so.0.85.1",
                "/usr/lib/x86_64-linux-gnu/libpam_misc.so.0.82.1",
                "/usr/lib/x86_64-linux-gnu/libpamc.so.0.82.1",
                "/usr/lib/x86_64-linux-gnu/libpcre2-8.so.0.14.0",
                "/usr/lib/x86_64-linux-gnu/libselinux.so.1",
                "/usr/lib/x86_64-linux-gnu/libssl.so.3",
                "/usr/lib/x86_64-linux-gnu/libsystemd.so.0.40.0",
                "/usr/lib/x86_64-linux-gnu/libzstd.so.1.5.7",
                "/usr/sbin/NetworkManager",
                "/usr/sbin/cron",
                "/usr/sbin/dhcpcd",
                "/usr/sbin/dpkg-preconfigure",
                "/usr/sbin/dpkg-reconfigure",
                "/usr/sbin/pam_namespace_helper",
                "/usr/sbin/unix_chkpwd",
                "/usr/sbin/wpa_supplicant"
              ],
              "enforcement_mode": "fsverity_strict",
              "expires_at": "2026-07-30T18:09:39.706894+00:00",
              "generation": 112,
              "loader_digest_specs": [
                "1:96ac27f0f2f6b98567f2fb6f9f41580f91cdb143a48ceb10ebc9feb362d30cc1",
                "1:bca1ceb412614f4e0cb13a68b5d78e86b32ac25f7f2f66b40de73517c8f239eb",
                "1:3bf2c0128afd5c0018e5f3cd5b52c9982f1369ea51de6da4af853e99310a839d",
                "1:ba45e5945da0c2cf898ae2ff5e1531a6f73dc9098e4a23c157026bf1b7aab406",
                "1:594d2c68a31ad4772fbb6bb40844d172d6c4957fd633fc7181d1b31bd4697921",
                "1:a29015c1bc6976d22b02d61d7885704897b1af7f51bc41d95e44d0c06356ad3a",
                "1:ae4c57f7f1decd1b2ed6b3571bb5b0a3325c8acc5c327a8518e77694aa349171",
                "1:c54826310c7942eb00bf5a82d8ae3f78764173b79c58de8e8368ea3bbb6e32a3",
                "1:9ca4ca024afa792d5280e9057f89f13c8d6c0b92bc1a1fb72e217befa1b4841e",
                "1:20ec3d96246ec49050e19cfdb22e0d92fe2116aa940a9ea324c560f407000c44",
                "1:425ffb5b84e8738084815d9df4a33c0e5f64409c7aadeb3dd3bcf60357551c5a",
                "1:e103c5d02657879f141b086ed703584d28bb9e2721b423333be085ee1b4d397b",
                "1:c11ecbf5e79d05bddcc02b1719c62fe1817914394a8d20da4ca80fcc812c55b3",
                "1:e1c9cd2c1694b28761d486a3662ec8e32803871bd7bd8de11d382824c382c7ec",
                "1:875117b4148753e407725a3d3d838d8f40db95111c88eabd329f9d229414a527",
                "1:614242a97e7b6613e9cdc2a752b4d29b2624b7e2fb891717c0b307c2f303a686",
                "1:7db847d78deb96f15c486b547922922277a4f4a3879c30e695c6dcd11d2174b9",
                "1:d99cce58e176580968faaad9ca21307b0d55a3d13f5427231a03f19363a2dc96",
                "1:047a9fdee337dc42edb74094a83b905b75123db7d458e3f50fb039e8f792cdf2",
                "1:acd479be2bc37d9edf01a3f81ae3e673fbcd503f6b7550ca094040b98e3c11e4",
                "1:a70bdcb520af075b4b047517806de9ee5be2fbc6a8695d3ff66d9c71f0bc6f81",
                "1:223fe8564b60636bc738b6178d3ba9a50ef7d791266b0efae6363bb716e4c47f",
                "1:0ee119c8bf7d610d3d81adee23ddb7892656ce89cc4eccb4ce8e2032c4d001df",
                "1:8a5c20c3400a4058a487cd806111cc5138ef4d0fbc6714ff67c9432e38c2705a",
                "1:1005dff924ce4369f4b0838f484c0603507c8960b15bf8057f46ac1b1a1ce210",
                "1:d2136f430029a8750c6c3280effdca0383e24b1f606e32d63e3b4154409b1038",
                "1:a6f559e00b69a4aa4d8cb607be18d9386c5aee55c509e2c075549dcf00e00fc7",
                "1:32c90f7766d01081f0f052ef8a2879214a69fb8355d5034a07a8ce54c8e8e320",
                "1:c27827842fd0d6e23b6fbec5d062e105bf90923a7de82efb5fc14af5245d4ed6",
                "1:defac08bff83f13bb8c33476bd51d334ab0a8b235cbe4aa6c4929b9088a282bf",
                "1:5346e5fdfdc81d58bbc9d2a3de20ff3738dc479cdb04cc52b91503cbb13440eb",
                "1:095817337215129933918cacae5fd62e86202fe238591bea207a75b73561e8c5",
                "1:b249c6baadd0203a362417da3c0b3480dd331619e959b01f53b68d5e3c715c47",
                "1:eb1c64bbc9908afcdf8cb48524f17112d8dd76a249f80dee2f01da14747b3b6e",
                "1:369864901af9cbce6ce9fb0b99f334e326afbfd40c07178f8cac468eeb9a8c2a",
                "1:7c9d2f9416aabcd10199e2984439f49612644a948279ac56bdf70d69c8958ddf",
                "1:6855b10b86292329d6b8185e6e55a10fed0c6406756d3d04feb4633e7aaafff4",
                "1:3f29dddc10e4089aeac5b2675313f4e5fe822abe5ab3bf7898d238c32d758304",
                "1:833d6f9cf3ede2225d80eaa159ef78a141c92842a691179aec37d182cc808a5c",
                "1:1f648ac95c48819d3ec4c19f7377150e6c553af2b4e8c8240d1176e536377cac",
                "1:50e1adad6f509eb81e020eaca6ad5d682bc651db2bb4819ba431906a5828af2b",
                "1:c384f6940e7eab9840af47ad7251dc9c1b92d1ccb107aee6c9820f190e7ecc7e",
                "1:38633817061f9d161c8b14c1ff72c9f223e8208d977a4c15d843010611a5dded",
                "1:f5564aa4a3477d1e0896a669e9ae1c9406196b9de8840551ec91935e260e2d59",
                "1:32d409cbe0b61cd296661aa22df89d0c2af5b1fbc789a84f0cf529e491243757",
                "1:17b78e0a93175e86f9ac03141924fd7a7f0c0c52e66b34bfa0de20ffef989df1",
                "1:e3a877c18ddfb748e1c357e193be173f829f775476cd8fdbc52c6e0eb760b643",
                "1:5cfe59d835114f2374e087bc54df03e1584e4e8071648db0e64439ee882d35ee",
                "1:89f8c1d1ba3c76138f3771e1a91e2796ade6180b1c1e4258c04698ff32787c97",
                "1:a59f393bad5037644b89de64fe558ae6d5d1473c25c63022241e7c7019ad2f0c",
                "1:848c70d7e2c2f43f4f93287897ac8946e8eda45e7daa5f2975d9728071856b1a",
                "1:42cf7f7fb8e5f3d5e5cee1eac8e9917df884b6742929eca2b76495812291ecc3",
                "1:79594c9511c46dd9562254caecdddc7bf9224161fe5abb682192af5ec4238eba",
                "1:127e7ed8d7d67d37ea040d6d0b241c70753a715a9852506db9385c2fba0adcc5",
                "1:e80414cf5bcf4a18581f5e9449ebd577f97917755d22b98f037cdd9c6ca7ce60",
                "1:f8458f48867e8cb379933f0d7586b975c940d46a9e939214038172e311d367ca",
                "1:0c1203e878e3d26155d135b656cc6771d9d63cd901fc303179f2039fdaaa3ec8",
                "1:b0ff8e7416fd110972d97c0ba29a831301ed853882a28451837f6600d8f4afef",
                "1:68e3df234b2c489cecfd562afd9d56c20ade45f035b451edf9abf287a87c8184",
                "1:fbc20971affe3cf26044736bdb6db68e26e0d054049576d723f8495267222abc",
                "1:8f94bf22ca65c3844596fcf35965f1b6927bc6a74261aef0724c8cfa78be4a60",
                "1:3a375ee63cf171b304448a4da40bf76c54db511df165d586651e67e27b9131e9",
                "1:5a20f18fced2e5e95dc6a72281fdc885632ffd2dc927b36a7214b646d4b99bb5",
                "1:2e17227e65689a3bfade7c7d7e5b80905130815c44b6134eba49bb51b4573186",
                "1:1137d506d88e30d4ec0ac7a8ae709e10c53aa1ffed578bd9233ef44ba13c3fa9",
                "1:799fd89964a716fb5f26c4506047190b6e842ac2745b473bd45351c4d8cbd929",
                "1:23a541006c8fbde1564364736560fdadc11f5f8deb03ef4ce05af8171f5d173c",
                "1:875334a3af73aee39325251c97de2db61665eb1e9099fbf954363a15581536ca",
                "1:b7f304c5b9585c4e9834a6310b43d402e023fa97d8449e4d54a7b64dcf78316c",
                "1:accef342460259232e01b72c737fd8c4d377efa5aa2290813fc075b93fb3b9e4",
                "1:243f74cb3d67b2e55b41f389bccbaba2178a8afd878fca569f91c0576cdc5541",
                "1:9c34a47b1aa37db9e9a1e503d959ca0c14897a81afc4e167cba48c4008822f80",
                "1:fa28354e4222ece4588496923ee182a1d6d669000766b6d59cd276e3bc70ef3c",
                "1:85cbf2c3b614585ab4a67aa90063c912eedd0f4023656926f054ba769b88c59d",
                "1:438c546d8e8cc48496bf3a95f753051afd9db66a629a74e31a9ded71586b56e0",
                "1:41334e9dd17faab58a35332cea20ea6e9d117f6aafc84aed54f26ef13ee38e7e",
                "1:e0ed5f40854fcaf3feb9448dd032172908a0b1651330df9397abd5490ff85402",
                "1:23247e0f669d5cfe0ad0deeeabfb90ee8163a6163508e88bf04715c9a41174c9",
                "1:fa430b8f298f817a266046af84a77533185ad6fc4406c7d3787b5a0a0c207826",
                "1:6b5be42df1bed00b8ea1f52e9412dce5ed500c29a6dd22b31e72f5dab5a3a575",
                "1:41217b0af128444f66dee8adda52b2ceaf19da00e5b0b155e2b87b857671286b",
                "1:cb0b7ad91caee5f3b1448198b1a60b4d202baf916e779e9dbab7f232155991eb",
                "1:4fdc50a9c87bff66d16ca11c5f9f575239e72ee6081a1f36d7b819b97d69341f",
                "1:f8c5475204730fa615547b10b642d7e27e5954ed1c12c47507743f2b486ba5a0",
                "1:c3d1cec07ff0d9f4c3abb67d5d828d4cfcda57c87837f0398efdafe3e01bd92c",
                "1:e89c0b57f2cb3b2b6aea9231fe8cec777ba4a553a790fc2cb68673c34fde5149",
                "1:01e05a4b5268805a10a2414a8904fb1fb45c60626dce53b5ea19c1d491049b99",
                "1:6d567d53e895273ca14a1f9dc164fc6c8d39aed2f60aa46a733c2784228915f3",
                "1:3657d314b5f4915f2bdd8086e71d31dc8267bca04df236c4755c8d3b7c5fa24f",
                "1:7e61037c89b06382c9d22518174914fef77b9e473962f49ab1c90c55c9b5bca2",
                "1:1a1c768d5c1101d38a71eb68fb821a94b7301131a076307113cc351d538e361d",
                "1:2db5c6b75f0b074f3471e7c6fe8d6cb88997210493f77d7e1cac544eaddedbd8",
                "1:8ee551e7f9645d6212c017df0938062ba046608a5378aab7d7c01c47b81a9f50",
                "1:5cb5293b4e7590463b94f7b23152d54807a6a2ccaf8cac9e343908c6692c086c",
                "1:caac96cbdee92283c7ab4a25611503cb63f161dcc7e6569be76158b63830e398",
                "1:c59f9015342de9c2dcb2decccb3d83218849fe3e4388c723a6528254fd7606f0",
                "1:27f07c9a49c2c956bcfb64cd4712976586a66facbf15fc7f09bc37413b5f2b21",
                "1:e767f7942ec1d84e6acf2e801a3e50f60f3dbee18b1cf37d11defd7b38739d00",
                "1:58a1749be911f3ae2c0ac9a3d3be536b55be0c2c7ea4c0a9c645dc45808cfc58",
                "1:445faad33b2591ba027ad1d581345e1985f8690e84f005683638c020d976d42e",
                "1:39577985ac160864db65d2efe65e411941010fd3facb5c6e07e9c5da26998fea",
                "1:8a7869c4c3efd0aa83a32e873b5bad435cc954080bb2490e605eb84096902343",
                "1:b0ff59c7a906621eca1869f9f93c79ba1dc52fdaeed482e55c81aeda148764c0",
                "1:bc46bfe74e6eb2b884982f59458c3471bb17351836647f63f1d2513c2cf2a5a1",
                "1:80f8e3b0893aa47161dd434322d6d7ee473a47e2758c8e7a9e596ae6eaaf5eea"
              ],
              "manifest_digest": "sha256:25dbbb047c02731039ee5262a2ce6c36f5cdae3218fe9d733e6e7dcc2f4dd28f",
              "manifest_id": "measured-d8383a1c3548228d",
              "mount_namespace_inode": 4026531841,
              "node_id": "debian",
              "pid_namespace_inode": 4026531836,
              "policy_generation": "ARDA-POLICY-V1@1.1.0"
            },
            "removed_at": null,
            "staged_at": "2026-07-30T18:05:47.364910+00:00",
            "state": "active"
          }
        ],
        "all_required_present": true,
        "compiled_object_maps": [
          "LICENSE",
          "arda_active_generation_map",
          "arda_deny_count",
          "arda_harmony_map",
          "arda_last_deny_event_map",
          "arda_lockdown_map",
          "arda_measured_exec_map",
          "arda_policy_state_map",
          "arda_state_map",
          "arda_verity_identity_map"
        ],
        "declared_source_maps": [
          "arda_active_generation_map",
          "arda_deny_count",
          "arda_harmony_map",
          "arda_last_deny_event_map",
          "arda_lockdown_map",
          "arda_measured_exec_map",
          "arda_policy_state_map",
          "arda_state_map",
          "arda_verity_identity_map"
        ],
        "maps": {
          "arda_active_generation_map": {
            "in_process_handle": true,
            "key_shape": "__u64 cgroup kernel id",
            "object_declared": true,
            "pin_exists": true,
            "pin_name": "active_generation_map",
            "pin_path": "/sys/fs/bpf/arda/active_generation_map",
            "present": true,
            "purpose": "active measured-generation pointer keyed by cgroup kernel id",
            "required": true,
            "source_declared": true,
            "value_shape": "__u64 active generation"
          },
          "arda_measured_exec_map": {
            "in_process_handle": true,
            "key_shape": "struct { __u64 cgroup_id; __u64 generation; unsigned long inode; unsigned int dev; }",
            "object_declared": true,
            "pin_exists": true,
            "pin_name": "measured_exec_map",
            "pin_path": "/sys/fs/bpf/arda/measured_exec_map",
            "present": true,
            "purpose": "strict measured executable allowlist keyed by cgroup, generation, inode, and dev",
            "required": true,
            "source_declared": true,
            "value_shape": "__u32 allow flag"
          },
          "arda_verity_identity_map": {
            "in_process_handle": true,
            "key_shape": "struct { __u64 cgroup_id; __u64 generation; __u16 algorithm_id; __u16 digest_size; __u8 digest[64]; }",
            "object_declared": true,
            "pin_exists": true,
            "pin_name": "verity_identity_map",
            "pin_path": "/sys/fs/bpf/arda/verity_identity_map",
            "present": true,
            "purpose": "measured executable identity staging keyed by cgroup, generation, and fs-verity digest",
            "required": true,
            "source_declared": true,
            "value_shape": "__u32 allow flag"
          }
        },
        "next_mode": "fsverity_strict",
        "schema_version": "arda.measured_manifest.v1"
      },
      "schema_version": "arda.measured_manifest.v1"
    },
    "phase4_attestation_gate": {
      "audience": "arda-phase4-attestation-gate",
      "release_gate_ready": true
    },
    "phase4_live_attestation": {
      "pcr_selection": "sha256:0,1,7,11",
      "required_tools": [
        "tpm2",
        "tpm2_getcap",
        "tpm2_pcrread",
        "tpm2_createek",
        "tpm2_createak",
        "tpm2_create",
        "tpm2_nvreadpublic",
        "tpm2_load",
        "tpm2_readpublic",
        "tpm2_quote",
        "tpm2_pcrextend",
        "tpm2_certifycreation"
      ]
    },
    "phase4_secret_release": {
      "purposes": [
        "policy_signing",
        "attestation_signing",
        "loader_authority"
      ],
      "seal_key_env": "ARDA_PHASE4_SEAL_KEY",
      "sealed_bundle_env_vars": {
        "attestation_signing": "ARDA_ATTESTATION_SEALED_SECRET_BUNDLE",
        "loader_authority": "ARDA_LOADER_AUTHORITY_SEALED_SECRET_BUNDLE",
        "policy_signing": "ARDA_POLICY_SEALED_SECRET_BUNDLE"
      }
    },
    "pin_path": "/sys/fs/bpf/arda/harmony_map",
    "policy_projection_state": {
      "generation_hash_prefix": 0,
      "projection_flags": 0,
      "redline_rule_count": 0
    },
    "readiness": {
      "blockers": [],
      "context": {
        "enforcement_mode": "audit",
        "euid": 0,
        "lockdown_mode": 0,
        "map_schema_version": "phase5-policy-v1",
        "memlock_hard": 8388608,
        "memlock_soft": 8388608,
        "unprivileged_bpf_disabled": "2"
      },
      "ready_for_authoritative_attempt": true,
      "recommendations": []
    },
    "required_maps": {
      "all_required_present": true,
      "compiled_object_maps": [
        "LICENSE",
        "arda_active_generation_map",
        "arda_deny_count",
        "arda_harmony_map",
        "arda_last_deny_event_map",
        "arda_lockdown_map",
        "arda_measured_exec_map",
        "arda_policy_state_map",
        "arda_state_map",
        "arda_verity_identity_map"
      ],
      "declared_source_maps": [
        "arda_active_generation_map",
        "arda_deny_count",
        "arda_harmony_map",
        "arda_last_deny_event_map",
        "arda_lockdown_map",
        "arda_measured_exec_map",
        "arda_policy_state_map",
        "arda_state_map",
        "arda_verity_identity_map"
      ],
      "enforcement_mode": "audit",
      "maps": {
        "arda_deny_count": {
          "in_process_handle": true,
          "key_shape": "__u32 index 0",
          "lockdown_mode_value": null,
          "object_declared": true,
          "pin_exists": true,
          "pin_name": "deny_count",
          "pin_path": "/sys/fs/bpf/arda/deny_count",
          "present": true,
          "purpose": "authoritative cumulative denial telemetry",
          "required": true,
          "runtime_mode_value": null,
          "source_declared": true,
          "value_shape": "__u64 total denials"
        },
        "arda_harmony_map": {
          "in_process_handle": true,
          "key_shape": "struct arda_identity { inode, dev }",
          "lockdown_mode_value": null,
          "object_declared": true,
          "pin_exists": true,
          "pin_name": "harmony_map",
          "pin_path": "/sys/fs/bpf/arda/harmony_map",
          "present": true,
          "purpose": "authoritative harmonic executable allowlist",
          "required": true,
          "runtime_mode_value": null,
          "source_declared": true,
          "value_shape": "__u32 harmonic flag"
        },
        "arda_last_deny_event_map": {
          "in_process_handle": true,
          "key_shape": "__u32 index 0",
          "lockdown_mode_value": null,
          "object_declared": true,
          "pin_exists": true,
          "pin_name": "last_deny_event_map",
          "pin_path": "/sys/fs/bpf/arda/last_deny_event_map",
          "present": true,
          "purpose": "last kernel veto forensic record for measured-exec debugging",
          "required": true,
          "runtime_mode_value": null,
          "source_declared": true,
          "value_shape": "struct { __u64 cgroup_id; __u64 active_generation; unsigned long inode; unsigned int dev; __u32 enforcement_mode; __u32 deny_reason; }"
        },
        "arda_lockdown_map": {
          "in_process_handle": true,
          "key_shape": "__u32 index 0",
          "lockdown_mode_value": 0,
          "object_declared": true,
          "pin_exists": true,
          "pin_name": "lockdown_map",
          "pin_path": "/sys/fs/bpf/arda/lockdown_map",
          "present": true,
          "purpose": "emergency deny-all control for fail-closed host posture",
          "required": true,
          "runtime_mode_value": null,
          "source_declared": true,
          "value_shape": "__u32 lockdown mode (0=disabled, 1=deny_all)"
        },
        "arda_policy_state_map": {
          "in_process_handle": true,
          "key_shape": "__u32 index 0",
          "lockdown_mode_value": null,
          "object_declared": true,
          "pin_exists": true,
          "pin_name": "policy_state_map",
          "pin_path": "/sys/fs/bpf/arda/policy_state_map",
          "present": true,
          "purpose": "constitutional policy generation and red-line projection state",
          "required": true,
          "runtime_mode_value": null,
          "source_declared": true,
          "value_shape": "struct { __u64 generation_hash_prefix; __u32 redline_rule_count; __u32 projection_flags; }"
        },
        "arda_state_map": {
          "in_process_handle": true,
          "key_shape": "__u32 index 0",
          "lockdown_mode_value": null,
          "object_declared": true,
          "pin_exists": true,
          "pin_name": "state_map",
          "pin_path": "/sys/fs/bpf/arda/state_map",
          "present": true,
          "purpose": "authoritative enforcement mode selector",
          "required": true,
          "runtime_mode_value": 0,
          "source_declared": true,
          "value_shape": "__u32 mode (0=audit, 1=legacy_inode)"
        }
      },
      "schema_version": "phase5-policy-v1"
    },
    "sovereign_mode": false
  },
  "timestamp": "2026-08-03T22:15:47.670755+00:00"
}
